Component: ARM Compiler 5.06 update 5 (build 528) Tool: armlink [4d35e2]

==============================================================================

Section Cross References

    startup.o(RESET) refers to startup.o(STACK) for Stack_Top
    startup.o(RESET) refers to entry.o(.ARM.Collect$$$$00000000) for __main
    retarget.o(.text) refers to serial.o(.text) for sendchar
    retarget.o(.text) refers to serial.o(.text) for sendchar
    measure.o(.text) refers to measure.o(.text) for L_petrinet
    measure.o(.text) refers to measure.o(.data) for .data
    measure.o(.text) refers to measure.o(.bss) for .bss
    measure.o(.text) refers to memcpya.o(.text) for __aeabi_memcpy4
    measure.o(.text) refers to measure.o(i.__ARM_common_switch8) for __ARM_common_switch8
    measure.o(.text) refers to measure.o(.bss) for .bss
    measure.o(.text) refers to measure.o(.data) for .data
    measure.o(.text) refers to measure.o(.constdata) for .constdata
    measure.o(.text) refers to printfa.o(i.__0printf) for __2printf
    measure.o(.text) refers to serial.o(.text) for init_serial
    measure.o(.text) refers to cfcmple.o(.text) for __aeabi_cfcmpeq
    measure.o(.text) refers to f2d.o(.text) for __aeabi_f2d
    measure.o(.text) refers to measure.o(.text) for tc0
    measure.o(.text) refers to measure.o(.data) for .data
    measure.o(.text) refers to measure.o(.data) for .data
    measure.o(.text) refers to measure.o(.data) for .data
    measure.o(.text) refers to measure.o(.data) for .data
    entry.o(.ARM.Collect$$$$00000000) refers (Special) to entry10a.o(.ARM.Collect$$$$0000000D) for __rt_final_cpp
    entry.o(.ARM.Collect$$$$00000000) refers (Special) to entry11a.o(.ARM.Collect$$$$0000000F) for __rt_final_exit
    entry.o(.ARM.Collect$$$$00000000) refers (Special) to entry7b.o(.ARM.Collect$$$$00000008) for _main_clock
    entry.o(.ARM.Collect$$$$00000000) refers (Special) to entry8b.o(.ARM.Collect$$$$0000000A) for _main_cpp_init
    entry.o(.ARM.Collect$$$$00000000) refers (Special) to entry9a.o(.ARM.Collect$$$$0000000B) for _main_init
    entry.o(.ARM.Collect$$$$00000000) refers (Special) to entry5.o(.ARM.Collect$$$$00000004) for _main_scatterload
    entry.o(.ARM.Collect$$$$00000000) refers (Special) to entry2.o(.ARM.Collect$$$$00000001) for _main_stk
    printfb.o(i.__0fprintf$bare) refers to printfb.o(i._printf_core) for _printf_core
    printfb.o(i.__0fprintf$bare) refers to retarget.o(.text) for fputc
    printfb.o(i.__0printf$bare) refers to printfb.o(i._printf_core) for _printf_core
    printfb.o(i.__0printf$bare) refers to retarget.o(.text) for fputc
    printfb.o(i.__0printf$bare) refers to retarget.o(.data) for __stdout
    printfb.o(i.__0snprintf$bare) refers to printfb.o(i._printf_core) for _printf_core
    printfb.o(i.__0snprintf$bare) refers to printfb.o(i._snputc) for _snputc
    printfb.o(i.__0sprintf$bare) refers to printfb.o(i._printf_core) for _printf_core
    printfb.o(i.__0sprintf$bare) refers to printfb.o(i._sputc) for _sputc
    printfb.o(i.__0vfprintf$bare) refers to printfb.o(i._printf_core) for _printf_core
    printfb.o(i.__0vfprintf$bare) refers to retarget.o(.text) for fputc
    printfb.o(i.__0vprintf$bare) refers to printfb.o(i._printf_core) for _printf_core
    printfb.o(i.__0vprintf$bare) refers to retarget.o(.text) for fputc
    printfb.o(i.__0vprintf$bare) refers to retarget.o(.data) for __stdout
    printfb.o(i.__0vsnprintf$bare) refers to printfb.o(i._printf_core) for _printf_core
    printfb.o(i.__0vsnprintf$bare) refers to printfb.o(i._snputc) for _snputc
    printfb.o(i.__0vsprintf$bare) refers to printfb.o(i._printf_core) for _printf_core
    printfb.o(i.__0vsprintf$bare) refers to printfb.o(i._sputc) for _sputc
    printfb.o(i._printf_core) refers to printfb.o(i.__ARM_common_call_via_r6) for __ARM_common_call_via_r6
    printf0.o(i.__0fprintf$0) refers to printf0.o(i._printf_core) for _printf_core
    printf0.o(i.__0fprintf$0) refers to retarget.o(.text) for fputc
    printf0.o(i.__0printf$0) refers to printf0.o(i._printf_core) for _printf_core
    printf0.o(i.__0printf$0) refers to retarget.o(.text) for fputc
    printf0.o(i.__0printf$0) refers to retarget.o(.data) for __stdout
    printf0.o(i.__0snprintf$0) refers to printf0.o(i._printf_core) for _printf_core
    printf0.o(i.__0snprintf$0) refers to printf0.o(i._snputc) for _snputc
    printf0.o(i.__0sprintf$0) refers to printf0.o(i._printf_core) for _printf_core
    printf0.o(i.__0sprintf$0) refers to printf0.o(i._sputc) for _sputc
    printf0.o(i.__0vfprintf$0) refers to printf0.o(i._printf_core) for _printf_core
    printf0.o(i.__0vfprintf$0) refers to retarget.o(.text) for fputc
    printf0.o(i.__0vprintf$0) refers to printf0.o(i._printf_core) for _printf_core
    printf0.o(i.__0vprintf$0) refers to retarget.o(.text) for fputc
    printf0.o(i.__0vprintf$0) refers to retarget.o(.data) for __stdout
    printf0.o(i.__0vsnprintf$0) refers to printf0.o(i._printf_core) for _printf_core
    printf0.o(i.__0vsnprintf$0) refers to printf0.o(i._snputc) for _snputc
    printf0.o(i.__0vsprintf$0) refers to printf0.o(i._printf_core) for _printf_core
    printf0.o(i.__0vsprintf$0) refers to printf0.o(i._sputc) for _sputc
    printf0.o(i._printf_core) refers to printfb.o(i.__ARM_common_call_via_r6) for __ARM_common_call_via_r6
    printf1.o(i.__0fprintf$1) refers to printf1.o(i._printf_core) for _printf_core
    printf1.o(i.__0fprintf$1) refers to retarget.o(.text) for fputc
    printf1.o(i.__0printf$1) refers to printf1.o(i._printf_core) for _printf_core
    printf1.o(i.__0printf$1) refers to retarget.o(.text) for fputc
    printf1.o(i.__0printf$1) refers to retarget.o(.data) for __stdout
    printf1.o(i.__0snprintf$1) refers to printf1.o(i._printf_core) for _printf_core
    printf1.o(i.__0snprintf$1) refers to printf1.o(i._snputc) for _snputc
    printf1.o(i.__0sprintf$1) refers to printf1.o(i._printf_core) for _printf_core
    printf1.o(i.__0sprintf$1) refers to printf1.o(i._sputc) for _sputc
    printf1.o(i.__0vfprintf$1) refers to printf1.o(i._printf_core) for _printf_core
    printf1.o(i.__0vfprintf$1) refers to retarget.o(.text) for fputc
    printf1.o(i.__0vprintf$1) refers to printf1.o(i._printf_core) for _printf_core
    printf1.o(i.__0vprintf$1) refers to retarget.o(.text) for fputc
    printf1.o(i.__0vprintf$1) refers to retarget.o(.data) for __stdout
    printf1.o(i.__0vsnprintf$1) refers to printf1.o(i._printf_core) for _printf_core
    printf1.o(i.__0vsnprintf$1) refers to printf1.o(i._snputc) for _snputc
    printf1.o(i.__0vsprintf$1) refers to printf1.o(i._printf_core) for _printf_core
    printf1.o(i.__0vsprintf$1) refers to printf1.o(i._sputc) for _sputc
    printf1.o(i._printf_core) refers to printf1.o(i.__ARM_common_call_via_r2) for __ARM_common_call_via_r2
    printf1.o(i._printf_core) refers to uidiv.o(.text) for __aeabi_uidivmod
    printf2.o(i.__0fprintf$2) refers to printf2.o(i._printf_core) for _printf_core
    printf2.o(i.__0fprintf$2) refers to retarget.o(.text) for fputc
    printf2.o(i.__0printf$2) refers to printf2.o(i._printf_core) for _printf_core
    printf2.o(i.__0printf$2) refers to retarget.o(.text) for fputc
    printf2.o(i.__0printf$2) refers to retarget.o(.data) for __stdout
    printf2.o(i.__0snprintf$2) refers to printf2.o(i._printf_core) for _printf_core
    printf2.o(i.__0snprintf$2) refers to printf2.o(i._snputc) for _snputc
    printf2.o(i.__0sprintf$2) refers to printf2.o(i._printf_core) for _printf_core
    printf2.o(i.__0sprintf$2) refers to printf2.o(i._sputc) for _sputc
    printf2.o(i.__0vfprintf$2) refers to printf2.o(i._printf_core) for _printf_core
    printf2.o(i.__0vfprintf$2) refers to retarget.o(.text) for fputc
    printf2.o(i.__0vprintf$2) refers to printf2.o(i._printf_core) for _printf_core
    printf2.o(i.__0vprintf$2) refers to retarget.o(.text) for fputc
    printf2.o(i.__0vprintf$2) refers to retarget.o(.data) for __stdout
    printf2.o(i.__0vsnprintf$2) refers to printf2.o(i._printf_core) for _printf_core
    printf2.o(i.__0vsnprintf$2) refers to printf2.o(i._snputc) for _snputc
    printf2.o(i.__0vsprintf$2) refers to printf2.o(i._printf_core) for _printf_core
    printf2.o(i.__0vsprintf$2) refers to printf2.o(i._sputc) for _sputc
    printf2.o(i._printf_core) refers to printf1.o(i.__ARM_common_call_via_r2) for __ARM_common_call_via_r2
    printf3.o(i.__0fprintf$3) refers to printf3.o(i._printf_core) for _printf_core
    printf3.o(i.__0fprintf$3) refers to retarget.o(.text) for fputc
    printf3.o(i.__0printf$3) refers to printf3.o(i._printf_core) for _printf_core
    printf3.o(i.__0printf$3) refers to retarget.o(.text) for fputc
    printf3.o(i.__0printf$3) refers to retarget.o(.data) for __stdout
    printf3.o(i.__0snprintf$3) refers to printf3.o(i._printf_core) for _printf_core
    printf3.o(i.__0snprintf$3) refers to printf3.o(i._snputc) for _snputc
    printf3.o(i.__0sprintf$3) refers to printf3.o(i._printf_core) for _printf_core
    printf3.o(i.__0sprintf$3) refers to printf3.o(i._sputc) for _sputc
    printf3.o(i.__0vfprintf$3) refers to printf3.o(i._printf_core) for _printf_core
    printf3.o(i.__0vfprintf$3) refers to retarget.o(.text) for fputc
    printf3.o(i.__0vprintf$3) refers to printf3.o(i._printf_core) for _printf_core
    printf3.o(i.__0vprintf$3) refers to retarget.o(.text) for fputc
    printf3.o(i.__0vprintf$3) refers to retarget.o(.data) for __stdout
    printf3.o(i.__0vsnprintf$3) refers to printf3.o(i._printf_core) for _printf_core
    printf3.o(i.__0vsnprintf$3) refers to printf3.o(i._snputc) for _snputc
    printf3.o(i.__0vsprintf$3) refers to printf3.o(i._printf_core) for _printf_core
    printf3.o(i.__0vsprintf$3) refers to printf3.o(i._sputc) for _sputc
    printf3.o(i._printf_core) refers to printf1.o(i.__ARM_common_call_via_r2) for __ARM_common_call_via_r2
    printf3.o(i._printf_core) refers to uidiv.o(.text) for __aeabi_uidivmod
    printf4.o(i.__0fprintf$4) refers to printf4.o(i._printf_core) for _printf_core
    printf4.o(i.__0fprintf$4) refers to retarget.o(.text) for fputc
    printf4.o(i.__0printf$4) refers to printf4.o(i._printf_core) for _printf_core
    printf4.o(i.__0printf$4) refers to retarget.o(.text) for fputc
    printf4.o(i.__0printf$4) refers to retarget.o(.data) for __stdout
    printf4.o(i.__0snprintf$4) refers to printf4.o(i._printf_core) for _printf_core
    printf4.o(i.__0snprintf$4) refers to printf4.o(i._snputc) for _snputc
    printf4.o(i.__0sprintf$4) refers to printf4.o(i._printf_core) for _printf_core
    printf4.o(i.__0sprintf$4) refers to printf4.o(i._sputc) for _sputc
    printf4.o(i.__0vfprintf$4) refers to printf4.o(i._printf_core) for _printf_core
    printf4.o(i.__0vfprintf$4) refers to retarget.o(.text) for fputc
    printf4.o(i.__0vprintf$4) refers to printf4.o(i._printf_core) for _printf_core
    printf4.o(i.__0vprintf$4) refers to retarget.o(.text) for fputc
    printf4.o(i.__0vprintf$4) refers to retarget.o(.data) for __stdout
    printf4.o(i.__0vsnprintf$4) refers to printf4.o(i._printf_core) for _printf_core
    printf4.o(i.__0vsnprintf$4) refers to printf4.o(i._snputc) for _snputc
    printf4.o(i.__0vsprintf$4) refers to printf4.o(i._printf_core) for _printf_core
    printf4.o(i.__0vsprintf$4) refers to printf4.o(i._sputc) for _sputc
    printf4.o(i._printf_core) refers to printf1.o(i.__ARM_common_call_via_r2) for __ARM_common_call_via_r2
    printf4.o(i._printf_core) refers to uldiv.o(.text) for __aeabi_uldivmod
    printf5.o(i.__0fprintf$5) refers to printf5.o(i._printf_core) for _printf_core
    printf5.o(i.__0fprintf$5) refers to retarget.o(.text) for fputc
    printf5.o(i.__0printf$5) refers to printf5.o(i._printf_core) for _printf_core
    printf5.o(i.__0printf$5) refers to retarget.o(.text) for fputc
    printf5.o(i.__0printf$5) refers to retarget.o(.data) for __stdout
    printf5.o(i.__0snprintf$5) refers to printf5.o(i._printf_core) for _printf_core
    printf5.o(i.__0snprintf$5) refers to printf5.o(i._snputc) for _snputc
    printf5.o(i.__0sprintf$5) refers to printf5.o(i._printf_core) for _printf_core
    printf5.o(i.__0sprintf$5) refers to printf5.o(i._sputc) for _sputc
    printf5.o(i.__0vfprintf$5) refers to printf5.o(i._printf_core) for _printf_core
    printf5.o(i.__0vfprintf$5) refers to retarget.o(.text) for fputc
    printf5.o(i.__0vprintf$5) refers to printf5.o(i._printf_core) for _printf_core
    printf5.o(i.__0vprintf$5) refers to retarget.o(.text) for fputc
    printf5.o(i.__0vprintf$5) refers to retarget.o(.data) for __stdout
    printf5.o(i.__0vsnprintf$5) refers to printf5.o(i._printf_core) for _printf_core
    printf5.o(i.__0vsnprintf$5) refers to printf5.o(i._snputc) for _snputc
    printf5.o(i.__0vsprintf$5) refers to printf5.o(i._printf_core) for _printf_core
    printf5.o(i.__0vsprintf$5) refers to printf5.o(i._sputc) for _sputc
    printf5.o(i._printf_core) refers to printf1.o(i.__ARM_common_call_via_r2) for __ARM_common_call_via_r2
    printf5.o(i._printf_core) refers to uldiv.o(.text) for __aeabi_uldivmod
    printf6.o(i.__0fprintf$6) refers to printf6.o(i._printf_core) for _printf_core
    printf6.o(i.__0fprintf$6) refers to retarget.o(.text) for fputc
    printf6.o(i.__0printf$6) refers to printf6.o(i._printf_core) for _printf_core
    printf6.o(i.__0printf$6) refers to retarget.o(.text) for fputc
    printf6.o(i.__0printf$6) refers to retarget.o(.data) for __stdout
    printf6.o(i.__0snprintf$6) refers to printf6.o(i._printf_core) for _printf_core
    printf6.o(i.__0snprintf$6) refers to printf6.o(i._snputc) for _snputc
    printf6.o(i.__0sprintf$6) refers to printf6.o(i._printf_core) for _printf_core
    printf6.o(i.__0sprintf$6) refers to printf6.o(i._sputc) for _sputc
    printf6.o(i.__0vfprintf$6) refers to printf6.o(i._printf_core) for _printf_core
    printf6.o(i.__0vfprintf$6) refers to retarget.o(.text) for fputc
    printf6.o(i.__0vprintf$6) refers to printf6.o(i._printf_core) for _printf_core
    printf6.o(i.__0vprintf$6) refers to retarget.o(.text) for fputc
    printf6.o(i.__0vprintf$6) refers to retarget.o(.data) for __stdout
    printf6.o(i.__0vsnprintf$6) refers to printf6.o(i._printf_core) for _printf_core
    printf6.o(i.__0vsnprintf$6) refers to printf6.o(i._snputc) for _snputc
    printf6.o(i.__0vsprintf$6) refers to printf6.o(i._printf_core) for _printf_core
    printf6.o(i.__0vsprintf$6) refers to printf6.o(i._sputc) for _sputc
    printf6.o(i._printf_core) refers to printf1.o(i.__ARM_common_call_via_r2) for __ARM_common_call_via_r2
    printf6.o(i._printf_core) refers to printf6.o(i._printf_pre_padding) for _printf_pre_padding
    printf6.o(i._printf_core) refers to printf6.o(i._printf_post_padding) for _printf_post_padding
    printf6.o(i._printf_core) refers to uidiv.o(.text) for __aeabi_uidivmod
    printf6.o(i._printf_post_padding) refers to printfb.o(i.__ARM_common_call_via_r6) for __ARM_common_call_via_r6
    printf6.o(i._printf_pre_padding) refers to printfb.o(i.__ARM_common_call_via_r6) for __ARM_common_call_via_r6
    printf7.o(i.__0fprintf$7) refers to printf7.o(i._printf_core) for _printf_core
    printf7.o(i.__0fprintf$7) refers to retarget.o(.text) for fputc
    printf7.o(i.__0printf$7) refers to printf7.o(i._printf_core) for _printf_core
    printf7.o(i.__0printf$7) refers to retarget.o(.text) for fputc
    printf7.o(i.__0printf$7) refers to retarget.o(.data) for __stdout
    printf7.o(i.__0snprintf$7) refers to printf7.o(i._printf_core) for _printf_core
    printf7.o(i.__0snprintf$7) refers to printf7.o(i._snputc) for _snputc
    printf7.o(i.__0sprintf$7) refers to printf7.o(i._printf_core) for _printf_core
    printf7.o(i.__0sprintf$7) refers to printf7.o(i._sputc) for _sputc
    printf7.o(i.__0vfprintf$7) refers to printf7.o(i._printf_core) for _printf_core
    printf7.o(i.__0vfprintf$7) refers to retarget.o(.text) for fputc
    printf7.o(i.__0vprintf$7) refers to printf7.o(i._printf_core) for _printf_core
    printf7.o(i.__0vprintf$7) refers to retarget.o(.text) for fputc
    printf7.o(i.__0vprintf$7) refers to retarget.o(.data) for __stdout
    printf7.o(i.__0vsnprintf$7) refers to printf7.o(i._printf_core) for _printf_core
    printf7.o(i.__0vsnprintf$7) refers to printf7.o(i._snputc) for _snputc
    printf7.o(i.__0vsprintf$7) refers to printf7.o(i._printf_core) for _printf_core
    printf7.o(i.__0vsprintf$7) refers to printf7.o(i._sputc) for _sputc
    printf7.o(i._printf_core) refers to printf1.o(i.__ARM_common_call_via_r2) for __ARM_common_call_via_r2
    printf7.o(i._printf_core) refers to printf7.o(i._printf_pre_padding) for _printf_pre_padding
    printf7.o(i._printf_core) refers to printf7.o(i._printf_post_padding) for _printf_post_padding
    printf7.o(i._printf_core) refers to uldiv.o(.text) for __aeabi_uldivmod
    printf7.o(i._printf_post_padding) refers to printfb.o(i.__ARM_common_call_via_r6) for __ARM_common_call_via_r6
    printf7.o(i._printf_pre_padding) refers to printfb.o(i.__ARM_common_call_via_r6) for __ARM_common_call_via_r6
    printf8.o(i.__0fprintf$8) refers to printf8.o(i._printf_core) for _printf_core
    printf8.o(i.__0fprintf$8) refers to retarget.o(.text) for fputc
    printf8.o(i.__0printf$8) refers to printf8.o(i._printf_core) for _printf_core
    printf8.o(i.__0printf$8) refers to retarget.o(.text) for fputc
    printf8.o(i.__0printf$8) refers to retarget.o(.data) for __stdout
    printf8.o(i.__0snprintf$8) refers to printf8.o(i._printf_core) for _printf_core
    printf8.o(i.__0snprintf$8) refers to printf8.o(i._snputc) for _snputc
    printf8.o(i.__0sprintf$8) refers to printf8.o(i._printf_core) for _printf_core
    printf8.o(i.__0sprintf$8) refers to printf8.o(i._sputc) for _sputc
    printf8.o(i.__0vfprintf$8) refers to printf8.o(i._printf_core) for _printf_core
    printf8.o(i.__0vfprintf$8) refers to retarget.o(.text) for fputc
    printf8.o(i.__0vprintf$8) refers to printf8.o(i._printf_core) for _printf_core
    printf8.o(i.__0vprintf$8) refers to retarget.o(.text) for fputc
    printf8.o(i.__0vprintf$8) refers to retarget.o(.data) for __stdout
    printf8.o(i.__0vsnprintf$8) refers to printf8.o(i._printf_core) for _printf_core
    printf8.o(i.__0vsnprintf$8) refers to printf8.o(i._snputc) for _snputc
    printf8.o(i.__0vsprintf$8) refers to printf8.o(i._printf_core) for _printf_core
    printf8.o(i.__0vsprintf$8) refers to printf8.o(i._sputc) for _sputc
    printf8.o(i._printf_core) refers to printf1.o(i.__ARM_common_call_via_r2) for __ARM_common_call_via_r2
    printf8.o(i._printf_core) refers to printf8.o(i._printf_pre_padding) for _printf_pre_padding
    printf8.o(i._printf_core) refers to printf8.o(i._printf_post_padding) for _printf_post_padding
    printf8.o(i._printf_core) refers to uldiv.o(.text) for __aeabi_uldivmod
    printf8.o(i._printf_post_padding) refers to printfb.o(i.__ARM_common_call_via_r6) for __ARM_common_call_via_r6
    printf8.o(i._printf_pre_padding) refers to printfb.o(i.__ARM_common_call_via_r6) for __ARM_common_call_via_r6
    printfa.o(i.__0fprintf) refers (Special) to iusefp.o(.text) for __I$use$fp
    printfa.o(i.__0fprintf) refers to printfa.o(i._printf_core) for _printf_core
    printfa.o(i.__0fprintf) refers to retarget.o(.text) for fputc
    printfa.o(i.__0printf) refers (Special) to iusefp.o(.text) for __I$use$fp
    printfa.o(i.__0printf) refers to printfa.o(i._printf_core) for _printf_core
    printfa.o(i.__0printf) refers to retarget.o(.text) for fputc
    printfa.o(i.__0printf) refers to retarget.o(.data) for __stdout
    printfa.o(i.__0snprintf) refers (Special) to iusefp.o(.text) for __I$use$fp
    printfa.o(i.__0snprintf) refers to printfa.o(i._printf_core) for _printf_core
    printfa.o(i.__0snprintf) refers to printfa.o(i._snputc) for _snputc
    printfa.o(i.__0sprintf) refers (Special) to iusefp.o(.text) for __I$use$fp
    printfa.o(i.__0sprintf) refers to printfa.o(i._printf_core) for _printf_core
    printfa.o(i.__0sprintf) refers to printfa.o(i._sputc) for _sputc
    printfa.o(i.__0vfprintf) refers (Special) to iusefp.o(.text) for __I$use$fp
    printfa.o(i.__0vfprintf) refers to printfa.o(i._printf_core) for _printf_core
    printfa.o(i.__0vfprintf) refers to retarget.o(.text) for fputc
    printfa.o(i.__0vprintf) refers (Special) to iusefp.o(.text) for __I$use$fp
    printfa.o(i.__0vprintf) refers to printfa.o(i._printf_core) for _printf_core
    printfa.o(i.__0vprintf) refers to retarget.o(.text) for fputc
    printfa.o(i.__0vprintf) refers to retarget.o(.data) for __stdout
    printfa.o(i.__0vsnprintf) refers (Special) to iusefp.o(.text) for __I$use$fp
    printfa.o(i.__0vsnprintf) refers to printfa.o(i._printf_core) for _printf_core
    printfa.o(i.__0vsnprintf) refers to printfa.o(i._snputc) for _snputc
    printfa.o(i.__0vsprintf) refers (Special) to iusefp.o(.text) for __I$use$fp
    printfa.o(i.__0vsprintf) refers to printfa.o(i._printf_core) for _printf_core
    printfa.o(i.__0vsprintf) refers to printfa.o(i._sputc) for _sputc
    printfa.o(i._fp_digits) refers (Special) to iusefp.o(.text) for __I$use$fp
    printfa.o(i._fp_digits) refers to dmul.o(.text) for __aeabi_dmul
    printfa.o(i._fp_digits) refers to ddiv.o(.text) for __aeabi_ddiv
    printfa.o(i._fp_digits) refers to cdrcmple.o(.text) for __aeabi_cdrcmple
    printfa.o(i._fp_digits) refers to dadd.o(.text) for __aeabi_dadd
    printfa.o(i._fp_digits) refers to dfixul.o(.text) for __aeabi_d2ulz
    printfa.o(i._fp_digits) refers to uldiv.o(.text) for __aeabi_uldivmod
    printfa.o(i._printf_core) refers (Special) to iusefp.o(.text) for __I$use$fp
    printfa.o(i._printf_core) refers to printf1.o(i.__ARM_common_call_via_r2) for __ARM_common_call_via_r2
    printfa.o(i._printf_core) refers to printfa.o(i._printf_pre_padding) for _printf_pre_padding
    printfa.o(i._printf_core) refers to uldiv.o(.text) for __aeabi_uldivmod
    printfa.o(i._printf_core) refers to printfa.o(i._printf_post_padding) for _printf_post_padding
    printfa.o(i._printf_core) refers to printfa.o(i._fp_digits) for _fp_digits
    printfa.o(i._printf_core) refers to uidiv.o(.text) for __aeabi_uidivmod
    printfa.o(i._printf_post_padding) refers (Special) to iusefp.o(.text) for __I$use$fp
    printfa.o(i._printf_post_padding) refers to printfb.o(i.__ARM_common_call_via_r6) for __ARM_common_call_via_r6
    printfa.o(i._printf_pre_padding) refers (Special) to iusefp.o(.text) for __I$use$fp
    printfa.o(i._printf_pre_padding) refers to printfb.o(i.__ARM_common_call_via_r6) for __ARM_common_call_via_r6
    printfa.o(i._snputc) refers (Special) to iusefp.o(.text) for __I$use$fp
    printfa.o(i._sputc) refers (Special) to iusefp.o(.text) for __I$use$fp
    f2d.o(.text) refers (Special) to iusefp.o(.text) for __I$use$fp
    cfcmple.o(.text) refers (Special) to iusefp.o(.text) for __I$use$fp
    entry2.o(.ARM.Collect$$$$00000001) refers to entry2.o(.ARM.Collect$$$$00002712) for __lit__00000000
    entry2.o(.ARM.Collect$$$$00002712) refers to startup.o(STACK) for __initial_sp
    entry5.o(.ARM.Collect$$$$00000004) refers to init.o(.text) for __scatterload
    entry9a.o(.ARM.Collect$$$$0000000B) refers to measure.o(.text) for main
    entry9b.o(.ARM.Collect$$$$0000000C) refers to measure.o(.text) for main
    uldiv.o(.text) refers to llushr.o(.text) for __aeabi_llsr
    uldiv.o(.text) refers to llshl.o(.text) for __aeabi_llsl
    dadd.o(.text) refers to llshl.o(.text) for __aeabi_llsl
    dadd.o(.text) refers to llsshr.o(.text) for __aeabi_lasr
    dadd.o(.text) refers to depilogue.o(.text) for _double_epilogue
    dmul.o(.text) refers to depilogue.o(.text) for _double_epilogue
    ddiv.o(.text) refers to depilogue.o(.text) for _double_round
    dfixul.o(.text) refers to llushr.o(.text) for __aeabi_llsr
    dfixul.o(.text) refers to llshl.o(.text) for __aeabi_llsl
    init.o(.text) refers to init.o(i.__ARM_common_call_via_r3) for __ARM_common_call_via_r3
    init.o(.text) refers to entry5.o(.ARM.Collect$$$$00000004) for __main_after_scatterload
    depilogue.o(.text) refers to depilogue.o(i.__ARM_clz) for __ARM_clz
    depilogue.o(.text) refers to llshl.o(.text) for __aeabi_llsl
    depilogue.o(.text) refers to llushr.o(.text) for __aeabi_llsr


==============================================================================

Removing Unused input sections from the image.

    Removing startup.o(HEAP), (0 bytes).
    Removing retarget.o(.text), (6 bytes).
    Removing retarget.o(.text), (12 bytes).
    Removing retarget.o(.text), (2 bytes).
    Removing serial.o(.text), (16 bytes).
    Removing measure.o(.text), (16 bytes).
    Removing measure.o(.text), (16 bytes).
    Removing measure.o(.text), (12 bytes).
    Removing measure.o(.text), (16 bytes).
    Removing measure.o(.text), (12 bytes).

10 unused section(s) (total 108 bytes) removed from the image.

==============================================================================

Adding Veneers to the image

    Adding AT veneer (8 bytes, Inline) for call to 'blinking_D' from measure.o(.text).
    Adding AT veneer (8 bytes, Inline) for call to '__scatterload' from entry5.o(.ARM.Collect$$$$00000004).
    Adding AT veneer (12 bytes, Long) for call to 'L_petrinet' from measure.o(.text).
    Adding AT veneer (12 bytes, Long) for call to 'R_petrinet' from measure.o(.text).
    Adding AT veneer (12 bytes, Long) for call to 'driveBlink' from measure.o(.text).
    Adding TA veneer (8 bytes, Short) for call to '__main_after_scatterload' from init.o(.text).
    Adding TA veneer (4 bytes, Inline) for call to '__ARM_common_switch8' from measure.o(.text).

7 Veneer(s) (total 64 bytes) added to the image.

==============================================================================

Image Symbol Table

    Local Symbols

    Symbol Name                              Value     Ov Type        Size  Object(Section)

    RESET                                    0x00000000   Section      264  startup.o(RESET)
    ../clib/microlib/division.c              0x00000000   Number         0  uldiv.o ABSOLUTE
    ../clib/microlib/division.c              0x00000000   Number         0  uidiv.o ABSOLUTE
    ../clib/microlib/init/entry.s            0x00000000   Number         0  entry5.o ABSOLUTE
    ../clib/microlib/init/entry.s            0x00000000   Number         0  entry7a.o ABSOLUTE
    ../clib/microlib/init/entry.s            0x00000000   Number         0  entry7b.o ABSOLUTE
    ../clib/microlib/init/entry.s            0x00000000   Number         0  entry8a.o ABSOLUTE
    ../clib/microlib/init/entry.s            0x00000000   Number         0  entry8b.o ABSOLUTE
    ../clib/microlib/init/entry.s            0x00000000   Number         0  entry2.o ABSOLUTE
    ../clib/microlib/init/entry.s            0x00000000   Number         0  entry9b.o ABSOLUTE
    ../clib/microlib/init/entry.s            0x00000000   Number         0  entry10a.o ABSOLUTE
    ../clib/microlib/init/entry.s            0x00000000   Number         0  entry.o ABSOLUTE
    ../clib/microlib/init/entry.s            0x00000000   Number         0  entry10b.o ABSOLUTE
    ../clib/microlib/init/entry.s            0x00000000   Number         0  entry11a.o ABSOLUTE
    ../clib/microlib/init/entry.s            0x00000000   Number         0  entry11b.o ABSOLUTE
    ../clib/microlib/init/entry.s            0x00000000   Number         0  entry9a.o ABSOLUTE
    ../clib/microlib/longlong.c              0x00000000   Number         0  llushr.o ABSOLUTE
    ../clib/microlib/longlong.c              0x00000000   Number         0  llsshr.o ABSOLUTE
    ../clib/microlib/longlong.c              0x00000000   Number         0  llshl.o ABSOLUTE
    ../clib/microlib/printf/printf.c         0x00000000   Number         0  printf6.o ABSOLUTE
    ../clib/microlib/printf/printf.c         0x00000000   Number         0  printf3.o ABSOLUTE
    ../clib/microlib/printf/printf.c         0x00000000   Number         0  printf4.o ABSOLUTE
    ../clib/microlib/printf/printf.c         0x00000000   Number         0  printf5.o ABSOLUTE
    ../clib/microlib/printf/printf.c         0x00000000   Number         0  printf0.o ABSOLUTE
    ../clib/microlib/printf/printf.c         0x00000000   Number         0  printf1.o ABSOLUTE
    ../clib/microlib/printf/printf.c         0x00000000   Number         0  printf7.o ABSOLUTE
    ../clib/microlib/printf/printf.c         0x00000000   Number         0  printfb.o ABSOLUTE
    ../clib/microlib/printf/printf.c         0x00000000   Number         0  printf8.o ABSOLUTE
    ../clib/microlib/printf/printf.c         0x00000000   Number         0  printfa.o ABSOLUTE
    ../clib/microlib/printf/printf.c         0x00000000   Number         0  printf2.o ABSOLUTE
    ../clib/microlib/printf/stubs.s          0x00000000   Number         0  stubs.o ABSOLUTE
    ../clib/microlib/string/memcpy.c         0x00000000   Number         0  memcpya.o ABSOLUTE
    ../clib/microlib/string/memcpy.c         0x00000000   Number         0  memcpyb.o ABSOLUTE
    ../clib/microlib/stubs.s                 0x00000000   Number         0  useno.o ABSOLUTE
    ../clib/microlib/stubs.s                 0x00000000   Number         0  iusefp.o ABSOLUTE
    ../fplib/microlib/f2d.c                  0x00000000   Number         0  f2d.o ABSOLUTE
    ../fplib/microlib/fpadd.c                0x00000000   Number         0  dadd.o ABSOLUTE
    ../fplib/microlib/fpdiv.c                0x00000000   Number         0  ddiv.o ABSOLUTE
    ../fplib/microlib/fpepilogue.c           0x00000000   Number         0  depilogue.o ABSOLUTE
    ../fplib/microlib/fpfix.c                0x00000000   Number         0  dfixul.o ABSOLUTE
    ../fplib/microlib/fpmul.c                0x00000000   Number         0  dmul.o ABSOLUTE
    Measure.c                                0x00000000   Number         0  measure.o ABSOLUTE
    Retarget.c                               0x00000000   Number         0  retarget.o ABSOLUTE
    Serial.c                                 0x00000000   Number         0  serial.o ABSOLUTE
    Startup.s                                0x00000000   Number         0  startup.o ABSOLUTE
    cdrcmple.s                               0x00000000   Number         0  cdrcmple.o ABSOLUTE
    cfcmple.s                                0x00000000   Number         0  cfcmple.o ABSOLUTE
    dc.s                                     0x00000000   Number         0  dc.o ABSOLUTE
    handlers.s                               0x00000000   Number         0  handlers.o ABSOLUTE
    init.s                                   0x00000000   Number         0  init.o ABSOLUTE
    Undef_Handler                            0x00000040   ARM Code       4  startup.o(RESET)
    SWI_Handler                              0x00000044   ARM Code       4  startup.o(RESET)
    PAbt_Handler                             0x00000048   ARM Code       4  startup.o(RESET)
    DAbt_Handler                             0x0000004c   ARM Code       4  startup.o(RESET)
    IRQ_Handler                              0x00000050   ARM Code       4  startup.o(RESET)
    FIQ_Handler                              0x00000054   ARM Code       4  startup.o(RESET)
    .ARM.Collect$$$$00000000                 0x00000108   Section        0  entry.o(.ARM.Collect$$$$00000000)
    .ARM.Collect$$$$00000001                 0x00000108   Section        4  entry2.o(.ARM.Collect$$$$00000001)
    .ARM.Collect$$$$00000004                 0x0000010c   Section        4  entry5.o(.ARM.Collect$$$$00000004)
    .ARM.Collect$$$$00000008                 0x00000110   Section        0  entry7b.o(.ARM.Collect$$$$00000008)
    .ARM.Collect$$$$0000000A                 0x00000110   Section        0  entry8b.o(.ARM.Collect$$$$0000000A)
    .ARM.Collect$$$$0000000B                 0x00000110   Section       12  entry9a.o(.ARM.Collect$$$$0000000B)
    .ARM.Collect$$$$0000000D                 0x0000011c   Section        0  entry10a.o(.ARM.Collect$$$$0000000D)
    .ARM.Collect$$$$0000000F                 0x0000011c   Section        0  entry11a.o(.ARM.Collect$$$$0000000F)
    .ARM.Collect$$$$00002712                 0x0000011c   Section        4  entry2.o(.ARM.Collect$$$$00002712)
    __lit__00000000                          0x0000011c   Data           4  entry2.o(.ARM.Collect$$$$00002712)
    .text                                    0x00000120   Section        0  retarget.o(.text)
    .text                                    0x0000012c   Section        0  serial.o(.text)
    .text                                    0x0000016c   Section        0  measure.o(.text)
    .text                                    0x000002c8   Section        0  measure.o(.text)
    .text                                    0x00000db4   Section        0  memcpya.o(.text)
    .text                                    0x00000dd8   Section        0  f2d.o(.text)
    .text                                    0x00000e00   Section       20  cfcmple.o(.text)
    .text                                    0x00000e14   Section        0  uidiv.o(.text)
    .text                                    0x00000e42   Section        0  uldiv.o(.text)
    .text                                    0x00000eac   Section        0  iusefp.o(.text)
    .text                                    0x00000eac   Section        0  dadd.o(.text)
    .text                                    0x00001014   Section        0  dmul.o(.text)
    .text                                    0x000010e8   Section        0  ddiv.o(.text)
    .text                                    0x000011dc   Section        0  dfixul.o(.text)
    .text                                    0x00001220   Section       40  cdrcmple.o(.text)
    .text                                    0x00001250   Section       32  init.o(.text)
    .text                                    0x00001270   Section        0  llshl.o(.text)
    .text                                    0x00001292   Section        0  llushr.o(.text)
    .text                                    0x000012b6   Section        0  llsshr.o(.text)
    .text                                    0x000012de   Section        0  depilogue.o(.text)
    i.__0printf                              0x000013d0   Section        0  printfa.o(i.__0printf)
    i.__ARM_clz                              0x000013f0   Section        0  depilogue.o(i.__ARM_clz)
    i.__ARM_common_call_via_r2               0x0000141e   Section        0  printf1.o(i.__ARM_common_call_via_r2)
    i.__ARM_common_call_via_r3               0x00001420   Section        2  init.o(i.__ARM_common_call_via_r3)
    i.__ARM_common_call_via_r6               0x00001422   Section        0  printfb.o(i.__ARM_common_call_via_r6)
    i.__ARM_common_switch8                   0x00001428   Section        0  measure.o(i.__ARM_common_switch8)
    i.__scatterload_copy                     0x00001440   Section       28  handlers.o(i.__scatterload_copy)
    i.__scatterload_null                     0x0000145c   Section        4  handlers.o(i.__scatterload_null)
    i.__scatterload_zeroinit                 0x00001460   Section       24  handlers.o(i.__scatterload_zeroinit)
    i._fp_digits                             0x00001478   Section        0  printfa.o(i._fp_digits)
    _fp_digits                               0x00001479   Thumb Code   348  printfa.o(i._fp_digits)
    i._printf_core                           0x000015f0   Section        0  printfa.o(i._printf_core)
    _printf_core                             0x000015f1   Thumb Code  1790  printfa.o(i._printf_core)
    i._printf_post_padding                   0x00001d00   Section        0  printfa.o(i._printf_post_padding)
    _printf_post_padding                     0x00001d01   Thumb Code    38  printfa.o(i._printf_post_padding)
    i._printf_pre_padding                    0x00001d26   Section        0  printfa.o(i._printf_pre_padding)
    _printf_pre_padding                      0x00001d27   Thumb Code    50  printfa.o(i._printf_pre_padding)
    .constdata                               0x00001d58   Section       40  measure.o(.constdata)
    .data                                    0x40000000   Section        4  retarget.o(.data)
    .data                                    0x40000004   Section       48  measure.o(.data)
    .bss                                     0x40000034   Section      400  measure.o(.bss)
    STACK                                    0x400001c8   Section     1160  startup.o(STACK)
    Stack_Top                                0x40000650   Data           0  startup.o(STACK)

    Global Symbols

    Symbol Name                              Value     Ov Type        Size  Object(Section)

    BuildAttributes$$THM_ISAv1$ARM_ISAv4$S$PE$A:L22$X:L11$S22$IEEE1$IW$USESV6$~STKCKD$USESV7$~SHL$OSPACE$ROPI$EBA8$MICROLIB$REQ8$EABIv2 0x00000000   Number         0  anon$$obj.o ABSOLUTE
    __ARM_use_no_argv                        0x00000000   Number         0  measure.o ABSOLUTE
    __use_no_errno                           0x00000000   Number         0  useno.o ABSOLUTE
    __use_no_exception_handling              0x00000000   Number         0  useno.o ABSOLUTE
    __use_no_fp                              0x00000000   Number         0  useno.o ABSOLUTE
    __use_no_heap                            0x00000000   Number         0  useno.o ABSOLUTE
    __use_no_heap_region                     0x00000000   Number         0  useno.o ABSOLUTE
    __use_no_semihosting                     0x00000000   Number         0  useno.o ABSOLUTE
    __use_no_semihosting_swi                 0x00000000   Number         0  useno.o ABSOLUTE
    __use_no_signal_handling                 0x00000000   Number         0  useno.o ABSOLUTE
    _printf_a                                0x00000000   Number         0  stubs.o ABSOLUTE
    _printf_c                                0x00000000   Number         0  stubs.o ABSOLUTE
    _printf_charcount                        0x00000000   Number         0  stubs.o ABSOLUTE
    _printf_d                                0x00000000   Number         0  stubs.o ABSOLUTE
    _printf_e                                0x00000000   Number         0  stubs.o ABSOLUTE
    _printf_f                                0x00000000   Number         0  stubs.o ABSOLUTE
    _printf_flags                            0x00000000   Number         0  stubs.o ABSOLUTE
    _printf_fp_dec                           0x00000000   Number         0  stubs.o ABSOLUTE
    _printf_fp_hex                           0x00000000   Number         0  stubs.o ABSOLUTE
    _printf_g                                0x00000000   Number         0  stubs.o ABSOLUTE
    _printf_i                                0x00000000   Number         0  stubs.o ABSOLUTE
    _printf_int_dec                          0x00000000   Number         0  stubs.o ABSOLUTE
    _printf_l                                0x00000000   Number         0  stubs.o ABSOLUTE
    _printf_lc                               0x00000000   Number         0  stubs.o ABSOLUTE
    _printf_ll                               0x00000000   Number         0  stubs.o ABSOLUTE
    _printf_lld                              0x00000000   Number         0  stubs.o ABSOLUTE
    _printf_lli                              0x00000000   Number         0  stubs.o ABSOLUTE
    _printf_llo                              0x00000000   Number         0  stubs.o ABSOLUTE
    _printf_llu                              0x00000000   Number         0  stubs.o ABSOLUTE
    _printf_llx                              0x00000000   Number         0  stubs.o ABSOLUTE
    _printf_longlong_dec                     0x00000000   Number         0  stubs.o ABSOLUTE
    _printf_longlong_hex                     0x00000000   Number         0  stubs.o ABSOLUTE
    _printf_longlong_oct                     0x00000000   Number         0  stubs.o ABSOLUTE
    _printf_ls                               0x00000000   Number         0  stubs.o ABSOLUTE
    _printf_mbtowc                           0x00000000   Number         0  stubs.o ABSOLUTE
    _printf_n                                0x00000000   Number         0  stubs.o ABSOLUTE
    _printf_o                                0x00000000   Number         0  stubs.o ABSOLUTE
    _printf_p                                0x00000000   Number         0  stubs.o ABSOLUTE
    _printf_percent                          0x00000000   Number         0  stubs.o ABSOLUTE
    _printf_pre_padding                      0x00000000   Number         0  stubs.o ABSOLUTE
    _printf_return_value                     0x00000000   Number         0  stubs.o ABSOLUTE
    _printf_s                                0x00000000   Number         0  stubs.o ABSOLUTE
    _printf_sizespec                         0x00000000   Number         0  stubs.o ABSOLUTE
    _printf_str                              0x00000000   Number         0  stubs.o ABSOLUTE
    _printf_truncate_signed                  0x00000000   Number         0  stubs.o ABSOLUTE
    _printf_truncate_unsigned                0x00000000   Number         0  stubs.o ABSOLUTE
    _printf_u                                0x00000000   Number         0  stubs.o ABSOLUTE
    _printf_wc                               0x00000000   Number         0  stubs.o ABSOLUTE
    _printf_wctomb                           0x00000000   Number         0  stubs.o ABSOLUTE
    _printf_widthprec                        0x00000000   Number         0  stubs.o ABSOLUTE
    _printf_x                                0x00000000   Number         0  stubs.o ABSOLUTE
    __cpp_initialize__aeabi_                  - Undefined Weak Reference
    __cxa_finalize                            - Undefined Weak Reference
    __decompress                              - Undefined Weak Reference
    _clock_init                               - Undefined Weak Reference
    _microlib_exit                            - Undefined Weak Reference
    Reset_Handler                            0x00000058   ARM Code       0  startup.o(RESET)
    __main                                   0x00000108   ARM Code       0  entry.o(.ARM.Collect$$$$00000000)
    _main_stk                                0x00000108   ARM Code       0  entry2.o(.ARM.Collect$$$$00000001)
    _main_scatterload                        0x0000010c   ARM Code       0  entry5.o(.ARM.Collect$$$$00000004)
    __main_after_scatterload                 0x00000110   ARM Code       0  entry5.o(.ARM.Collect$$$$00000004)
    _main_clock                              0x00000110   ARM Code       0  entry7b.o(.ARM.Collect$$$$00000008)
    _main_cpp_init                           0x00000110   ARM Code       0  entry8b.o(.ARM.Collect$$$$0000000A)
    _main_init                               0x00000110   ARM Code       0  entry9a.o(.ARM.Collect$$$$0000000B)
    __rt_final_cpp                           0x0000011c   ARM Code       0  entry10a.o(.ARM.Collect$$$$0000000D)
    __rt_final_exit                          0x0000011c   ARM Code       0  entry11a.o(.ARM.Collect$$$$0000000F)
    fputc                                    0x00000121   Thumb Code    12  retarget.o(.text)
    init_serial                              0x0000012d   Thumb Code    24  serial.o(.text)
    sendchar                                 0x00000145   Thumb Code    30  serial.o(.text)
    DefISR                                   0x0000016c   ARM Code       4  measure.o(.text)
    tc0                                      0x00000170   ARM Code     320  measure.o(.text)
    Inline ARM to Thumb Veneer to blinking_D 0x000002c0   ARM Code       8  measure.o(.text)
    driveBlink                               0x000002c9   Thumb Code    70  measure.o(.text)
    blinking_D                               0x00000311   Thumb Code   350  measure.o(.text)
    save_request                             0x00000471   Thumb Code   196  measure.o(.text)
    R_elevator_closed                        0x00000535   Thumb Code    16  measure.o(.text)
    R_elevator_closing                       0x00000545   Thumb Code    20  measure.o(.text)
    R_elevator_opened                        0x00000559   Thumb Code    20  measure.o(.text)
    R_elevator_down                          0x0000056d   Thumb Code    20  measure.o(.text)
    R_elevator_opening                       0x00000581   Thumb Code    16  measure.o(.text)
    R_elevator_up                            0x00000591   Thumb Code    20  measure.o(.text)
    R_petrinet                               0x000005a5   Thumb Code   716  measure.o(.text)
    L_elevator_closed                        0x00000871   Thumb Code    16  measure.o(.text)
    L_elevator_closing                       0x00000881   Thumb Code    20  measure.o(.text)
    L_elevator_opened                        0x00000895   Thumb Code    20  measure.o(.text)
    L_elevator_down                          0x000008a9   Thumb Code    22  measure.o(.text)
    L_elevator_opening                       0x000008c1   Thumb Code    16  measure.o(.text)
    L_elevator_up                            0x000008d1   Thumb Code    22  measure.o(.text)
    L_petrinet                               0x000008e9   Thumb Code   708  measure.o(.text)
    main                                     0x00000bad   Thumb Code   350  measure.o(.text)
    __aeabi_memcpy                           0x00000db5   Thumb Code    36  memcpya.o(.text)
    __aeabi_memcpy4                          0x00000db5   Thumb Code     0  memcpya.o(.text)
    __aeabi_memcpy8                          0x00000db5   Thumb Code     0  memcpya.o(.text)
    __aeabi_f2d                              0x00000dd9   Thumb Code    40  f2d.o(.text)
    __aeabi_cfcmpeq                          0x00000e01   Thumb Code     0  cfcmple.o(.text)
    __aeabi_cfcmple                          0x00000e01   Thumb Code    20  cfcmple.o(.text)
    __aeabi_uidiv                            0x00000e15   Thumb Code     0  uidiv.o(.text)
    __aeabi_uidivmod                         0x00000e15   Thumb Code    46  uidiv.o(.text)
    __aeabi_uldivmod                         0x00000e43   Thumb Code   104  uldiv.o(.text)
    __I$use$fp                               0x00000eac   ARM Code       0  iusefp.o(.text)
    __aeabi_dadd                             0x00000ead   Thumb Code   332  dadd.o(.text)
    __aeabi_dsub                             0x00000ff9   Thumb Code    12  dadd.o(.text)
    __aeabi_drsub                            0x00001005   Thumb Code    12  dadd.o(.text)
    __aeabi_dmul                             0x00001015   Thumb Code   206  dmul.o(.text)
    __aeabi_ddiv                             0x000010e9   Thumb Code   238  ddiv.o(.text)
    __aeabi_d2ulz                            0x000011dd   Thumb Code    58  dfixul.o(.text)
    __aeabi_cdrcmple                         0x00001221   Thumb Code    40  cdrcmple.o(.text)
    Inline ARM to Thumb Veneer to __scatterload 0x00001248   ARM Code       8  init.o(.text)
    __scatterload                            0x00001251   Thumb Code    24  init.o(.text)
    __scatterload_rt2                        0x00001251   Thumb Code     0  init.o(.text)
    __aeabi_llsl                             0x00001271   Thumb Code    34  llshl.o(.text)
    _ll_shift_l                              0x00001271   Thumb Code     0  llshl.o(.text)
    __aeabi_llsr                             0x00001293   Thumb Code    36  llushr.o(.text)
    _ll_ushift_r                             0x00001293   Thumb Code     0  llushr.o(.text)
    __aeabi_lasr                             0x000012b7   Thumb Code    40  llsshr.o(.text)
    _ll_sshift_r                             0x000012b7   Thumb Code     0  llsshr.o(.text)
    _double_round                            0x000012df   Thumb Code    28  depilogue.o(.text)
    _double_epilogue                         0x000012fb   Thumb Code   168  depilogue.o(.text)
    Long ARM to Thumb Veneer to L_petrinet   0x000013a4   ARM Code      12  anon$$obj.o(Veneer$$Code)
    Long ARM to Thumb Veneer to R_petrinet   0x000013b0   ARM Code      12  anon$$obj.o(Veneer$$Code)
    Long ARM to Thumb Veneer to driveBlink   0x000013bc   ARM Code      12  anon$$obj.o(Veneer$$Code)
    Short Thumb to ARM Veneer to __main_after_scatterload 0x000013c9   Thumb Code     8  anon$$obj.o(Veneer$$Code)
    __0printf                                0x000013d1   Thumb Code    24  printfa.o(i.__0printf)
    __1printf                                0x000013d1   Thumb Code     0  printfa.o(i.__0printf)
    __2printf                                0x000013d1   Thumb Code     0  printfa.o(i.__0printf)
    __c89printf                              0x000013d1   Thumb Code     0  printfa.o(i.__0printf)
    printf                                   0x000013d1   Thumb Code     0  printfa.o(i.__0printf)
    __ARM_clz                                0x000013f1   Thumb Code    46  depilogue.o(i.__ARM_clz)
    __ARM_common_call_via_r2                 0x0000141f   Thumb Code     2  printf1.o(i.__ARM_common_call_via_r2)
    __ARM_common_call_via_r3                 0x00001421   Thumb Code     2  init.o(i.__ARM_common_call_via_r3)
    __ARM_common_call_via_r6                 0x00001423   Thumb Code     2  printfb.o(i.__ARM_common_call_via_r6)
    Inline Thumb to ARM Veneer to __ARM_common_switch8 0x00001425   Thumb Code     4  measure.o(i.__ARM_common_switch8)
    __ARM_common_switch8                     0x00001428   ARM Code      24  measure.o(i.__ARM_common_switch8)
    __scatterload_copy                       0x00001440   ARM Code      28  handlers.o(i.__scatterload_copy)
    __scatterload_null                       0x0000145c   ARM Code       4  handlers.o(i.__scatterload_null)
    __scatterload_zeroinit                   0x00001460   ARM Code      24  handlers.o(i.__scatterload_zeroinit)
    Region$$Table$$Base                      0x00001d80   Number         0  anon$$obj.o(Region$$Table)
    Region$$Table$$Limit                     0x00001da0   Number         0  anon$$obj.o(Region$$Table)
    __stdout                                 0x40000000   Data           4  retarget.o(.data)
    L_floor                                  0x40000004   Data           4  measure.o(.data)
    L_state                                  0x40000008   Data           4  measure.o(.data)
    L_Direction                              0x4000000c   Data           4  measure.o(.data)
    R_floor                                  0x40000010   Data           4  measure.o(.data)
    R_state                                  0x40000014   Data           4  measure.o(.data)
    R_Direction                              0x40000018   Data           4  measure.o(.data)
    indicate                                 0x4000001c   Data           4  measure.o(.data)
    L_time_counter                           0x40000020   Data           4  measure.o(.data)
    R_time_counter                           0x40000024   Data           4  measure.o(.data)
    L_ajar                                   0x40000028   Data           4  measure.o(.data)
    R_ajar                                   0x4000002c   Data           4  measure.o(.data)
    blink_counter                            0x40000030   Data           4  measure.o(.data)
    continous_time_button                    0x40000034   Data          64  measure.o(.bss)
    button_on                                0x40000074   Data          64  measure.o(.bss)
    off_timer                                0x400000b4   Data          64  measure.o(.bss)
    user_request                             0x400000f4   Data          64  measure.o(.bss)
    state_button                             0x40000134   Data          16  measure.o(.bss)
    request_all_from_button                  0x40000144   Data          64  measure.o(.bss)
    blink_table                              0x40000184   Data          64  measure.o(.bss)
    __initial_sp                             0x400005c8   Data         136  startup.o(STACK)



==============================================================================

Memory Map of the image

  Image Entry point : 0x00000108

  Load Region LR_IROM1 (Base: 0x00000000, Size: 0x00001dd4, Max: 0x00040000, ABSOLUTE)

    Execution Region ER_IROM1 (Exec base: 0x00000000, Load base: 0x00000000, Size: 0x00001da0, Max: 0x00040000, ABSOLUTE)

    Exec Addr    Load Addr    Size         Type   Attr      Idx    E Section Name        Object

    0x00000000   0x00000000   0x00000108   Code   RO            3    RESET               startup.o
    0x00000108   0x00000108   0x00000000   Code   RO          141  * .ARM.Collect$$$$00000000  mc_t.l(entry.o)
    0x00000108   0x00000108   0x00000004   Code   RO          417    .ARM.Collect$$$$00000001  mc_t.l(entry2.o)
    0x0000010c   0x0000010c   0x00000004   Code   RO          419    .ARM.Collect$$$$00000004  mc_t.l(entry5.o)
    0x00000110   0x00000110   0x00000000   Code   RO          421    .ARM.Collect$$$$00000008  mc_t.l(entry7b.o)
    0x00000110   0x00000110   0x00000000   Code   RO          423    .ARM.Collect$$$$0000000A  mc_t.l(entry8b.o)
    0x00000110   0x00000110   0x0000000c   Code   RO          424    .ARM.Collect$$$$0000000B  mc_t.l(entry9a.o)
    0x0000011c   0x0000011c   0x00000000   Code   RO          426    .ARM.Collect$$$$0000000D  mc_t.l(entry10a.o)
    0x0000011c   0x0000011c   0x00000000   Code   RO          428    .ARM.Collect$$$$0000000F  mc_t.l(entry11a.o)
    0x0000011c   0x0000011c   0x00000004   Code   RO          418    .ARM.Collect$$$$00002712  mc_t.l(entry2.o)
    0x00000120   0x00000120   0x0000000c   Code   RO            8    .text               retarget.o
    0x0000012c   0x0000012c   0x00000040   Code   RO           55    .text               serial.o
    0x0000016c   0x0000016c   0x00000154   Code   RO           76    .text               measure.o
    0x000002c0   0x000002c0   0x00000008   Ven    RO           78    .text               measure.o
    0x000002c8   0x000002c8   0x00000aec   Code   RO           78    .text               measure.o
    0x00000db4   0x00000db4   0x00000024   Code   RO          144    .text               mc_t.l(memcpya.o)
    0x00000dd8   0x00000dd8   0x00000028   Code   RO          413    .text               mf_t.l(f2d.o)
    0x00000e00   0x00000e00   0x00000014   Code   RO          415    .text               mf_t.l(cfcmple.o)
    0x00000e14   0x00000e14   0x0000002e   Code   RO          430    .text               mc_t.l(uidiv.o)
    0x00000e42   0x00000e42   0x00000068   Code   RO          432    .text               mc_t.l(uldiv.o)
    0x00000eaa   0x00000eaa   0x00000002   PAD
    0x00000eac   0x00000eac   0x00000000   Code   RO          434    .text               mc_t.l(iusefp.o)
    0x00000eac   0x00000eac   0x00000168   Code   RO          435    .text               mf_t.l(dadd.o)
    0x00001014   0x00001014   0x000000d4   Code   RO          437    .text               mf_t.l(dmul.o)
    0x000010e8   0x000010e8   0x000000f4   Code   RO          439    .text               mf_t.l(ddiv.o)
    0x000011dc   0x000011dc   0x00000044   Code   RO          441    .text               mf_t.l(dfixul.o)
    0x00001220   0x00001220   0x00000028   Code   RO          443    .text               mf_t.l(cdrcmple.o)
    0x00001248   0x00001248   0x00000008   Ven    RO          445    .text               mc_t.l(init.o)
    0x00001250   0x00001250   0x00000020   Code   RO          445    .text               mc_t.l(init.o)
    0x00001270   0x00001270   0x00000022   Code   RO          449    .text               mc_t.l(llshl.o)
    0x00001292   0x00001292   0x00000024   Code   RO          451    .text               mc_t.l(llushr.o)
    0x000012b6   0x000012b6   0x00000028   Code   RO          453    .text               mc_t.l(llsshr.o)
    0x000012de   0x000012de   0x000000c4   Code   RO          455    .text               mf_t.l(depilogue.o)
    0x000013a2   0x000013a2   0x00000002   PAD
    0x000013a4   0x000013a4   0x0000000c   Ven    RO          470    Veneer$$Code        anon$$obj.o
    0x000013b0   0x000013b0   0x0000000c   Ven    RO          471    Veneer$$Code        anon$$obj.o
    0x000013bc   0x000013bc   0x0000000c   Ven    RO          472    Veneer$$Code        anon$$obj.o
    0x000013c8   0x000013c8   0x00000008   Ven    RO          473    Veneer$$Code        anon$$obj.o
    0x000013d0   0x000013d0   0x00000020   Code   RO          385    i.__0printf         mc_t.l(printfa.o)
    0x000013f0   0x000013f0   0x0000002e   Code   RO          457    i.__ARM_clz         mf_t.l(depilogue.o)
    0x0000141e   0x0000141e   0x00000002   Code   RO          216    i.__ARM_common_call_via_r2  mc_t.l(printf1.o)
    0x00001420   0x00001420   0x00000002   Code   RO          447    i.__ARM_common_call_via_r3  mc_t.l(init.o)
    0x00001422   0x00001422   0x00000002   Code   RO          170    i.__ARM_common_call_via_r6  mc_t.l(printfb.o)
    0x00001424   0x00001424   0x00000004   Ven    RO          122    i.__ARM_common_switch8  measure.o
    0x00001428   0x00001428   0x00000018   Code   RO          122    i.__ARM_common_switch8  measure.o
    0x00001440   0x00001440   0x0000001c   Code   RO          461    i.__scatterload_copy  mc_t.l(handlers.o)
    0x0000145c   0x0000145c   0x00000004   Code   RO          462    i.__scatterload_null  mc_t.l(handlers.o)
    0x00001460   0x00001460   0x00000018   Code   RO          463    i.__scatterload_zeroinit  mc_t.l(handlers.o)
    0x00001478   0x00001478   0x00000178   Code   RO          392    i._fp_digits        mc_t.l(printfa.o)
    0x000015f0   0x000015f0   0x00000710   Code   RO          393    i._printf_core      mc_t.l(printfa.o)
    0x00001d00   0x00001d00   0x00000026   Code   RO          394    i._printf_post_padding  mc_t.l(printfa.o)
    0x00001d26   0x00001d26   0x00000032   Code   RO          395    i._printf_pre_padding  mc_t.l(printfa.o)
    0x00001d58   0x00001d58   0x00000028   Data   RO           84    .constdata          measure.o
    0x00001d80   0x00001d80   0x00000020   Data   RO          459    Region$$Table       anon$$obj.o


    Execution Region RW_IRAM1 (Exec base: 0x40000000, Load base: 0x00001da0, Size: 0x00000650, Max: 0x00004000, ABSOLUTE)

    Exec Addr    Load Addr    Size         Type   Attr      Idx    E Section Name        Object

    0x40000000   0x00001da0   0x00000004   Data   RW           12    .data               retarget.o
    0x40000004   0x00001da4   0x00000030   Data   RW           85    .data               measure.o
    0x40000034        -       0x00000190   Zero   RW           83    .bss                measure.o
    0x400001c4   0x00001dd4   0x00000004   PAD
    0x400001c8        -       0x00000488   Zero   RW            1    STACK               startup.o


==============================================================================

Image component sizes


      Code (inc. data)   RO Data    RW Data    ZI Data      Debug   Object Name

      3160        258         40         48        400       9224   measure.o
        12          0          0          4          0       3702   retarget.o
        64         10          0          0          0        619   serial.o
       264         48          0          0       1160        340   startup.o

    ----------------------------------------------------------------------
      3556        328         72         52       1564      13885   Object Totals
        56         12         32          0          0          0   (incl. Generated)
         0          0          0          0          4          0   (incl. Padding)

    ----------------------------------------------------------------------

      Code (inc. data)   RO Data    RW Data    ZI Data      Debug   Library Member Name

         0          0          0          0          0          0   entry.o
         0          0          0          0          0          0   entry10a.o
         0          0          0          0          0          0   entry11a.o
         8          4          0          0          0          0   entry2.o
         4          0          0          0          0          0   entry5.o
         0          0          0          0          0          0   entry7b.o
         0          0          0          0          0          0   entry8b.o
        12          4          0          0          0          0   entry9a.o
        56          0          0          0          0          0   handlers.o
        42          8          0          0          0        136   init.o
         0          0          0          0          0          0   iusefp.o
        34          0          0          0          0         72   llshl.o
        40          0          0          0          0         72   llsshr.o
        36          0          0          0          0         72   llushr.o
        36          0          0          0          0         60   memcpya.o
         2          0          0          0          0         60   printf1.o
      2304        100          0          0          0        464   printfa.o
         2          0          0          0          0         60   printfb.o
        46          0          0          0          0         72   uidiv.o
       104          0          0          0          0         96   uldiv.o
        40          0          0          0          0         68   cdrcmple.o
        20          0          0          0          0         68   cfcmple.o
       360          4          0          0          0        152   dadd.o
       244          6          0          0          0         96   ddiv.o
       242          0          0          0          0        232   depilogue.o
        68         10          0          0          0         80   dfixul.o
       212          6          0          0          0        100   dmul.o
        40          0          0          0          0         60   f2d.o

    ----------------------------------------------------------------------
      3956        142          0          0          0       2020   Library Totals
         4          0          0          0          0          0   (incl. Padding)

    ----------------------------------------------------------------------

      Code (inc. data)   RO Data    RW Data    ZI Data      Debug   Library Name

      2726        116          0          0          0       1164   mc_t.l
      1226         26          0          0          0        856   mf_t.l

    ----------------------------------------------------------------------
      3956        142          0          0          0       2020   Library Totals

    ----------------------------------------------------------------------

==============================================================================


      Code (inc. data)   RO Data    RW Data    ZI Data      Debug   

      7512        470         72         52       1564      14897   Grand Totals
      7512        470         72         52       1564      14897   ELF Image Totals
      7512        470         72         52          0          0   ROM Totals

==============================================================================

    Total RO  Size (Code + RO Data)                 7584 (   7.41kB)
    Total RW  Size (RW Data + ZI Data)              1616 (   1.58kB)
    Total ROM Size (Code + RO Data + RW Data)       7636 (   7.46kB)

==============================================================================

