<html>
<body>
<pre>
<h1>µVision Build Log</h1>
<h2>Tool Versions:</h2>
IDE-Version: £gVision V5.28.0.0
Copyright (C) 2019 ARM Ltd and ARM Germany GmbH. All rights reserved.
License Information: Chia-Kai Hsu NSYSU Flex license: MDK Professional 5.28 (Flex) (mdk_pro) Operation stops: 7 Feb 2021
 
Tool Versions:
Toolchain:       MDK Professional 5.28 (Flex)  Version: 5.28.0.0
Toolchain Path:  C:\Keil_v5\ARM\ARMCC\Bin
C Compiler:      Armcc.exe V5.06 update 6 (build 750)
Assembler:       Armasm.exe V5.06 update 6 (build 750)
Linker/Locator:  ArmLink.exe V5.06 update 6 (build 750)
Library Manager: ArmAr.exe V5.06 update 6 (build 750)
Hex Converter:   FromElf.exe V5.06 update 6 (build 750)
CPU DLL:         SARM.DLL V5.28.0.0
Dialog DLL:      DARMP.DLL V1.53.0.0
Target DLL:      UL2ARM.DLL V1.74.10.0
Dialog DLL:      TARMP.DLL V1.53.0.0
 
<h2>Project:</h2>
C:\Users\Max-Hsu\Desktop\homework\G2-1\Embedded\1229\Measure\Measure.uvproj
Project File Date:  03/06/2020

<h2>Output:</h2>
*** Using Compiler 'V5.06 update 6 (build 750)', folder: 'C:\Keil_v5\ARM\ARMCC\Bin'
Build target 'LPC2129 Simulator'
Clean started - Project: 'Measure'
   deleting intermediate output files for target 'LPC2129 Simulator'
assembling Startup.s...
compiling Retarget.c...
compiling Serial.c...
compiling Measure.c...
linking...
Program Size: Code=5984 RO-data=72 RW-data=24 ZI-data=1496  
".\Obj\Measure.axf" - 0 Error(s), 0 Warning(s).

*** Performing Cross-Module-Optimization:
compiling Retarget.c...
compiling Serial.c...
compiling Measure.c...
linking...
Program Size: Code=5936 RO-data=72 RW-data=24 ZI-data=1496  
compiling Retarget.c...
compiling Serial.c...
compiling Measure.c...
linking...
Program Size: Code=5936 RO-data=72 RW-data=24 ZI-data=1496  
".\Obj\Measure.axf" - 0 Error(s), 0 Warning(s).
*** Completed Cross-Module-Optimization after 3 iteration(s).
Build Time Elapsed:  00:00:18
</pre>
</body>
</html>
