<html>
<body>
<pre>
<h1>µVision Build Log</h1>
<h2>Tool Versions:</h2>
IDE-Version: £gVision V5.24.2.0
Copyright (C) 2017 ARM Ltd and ARM Germany GmbH. All rights reserved.
License Information: Max Hsu, NSYSU, LIC=----
 
Tool Versions:
Toolchain:       MDK-Lite  Version: 5.24.1
Toolchain Path:  C:\Keil_v5\ARM\ARMCC\Bin
C Compiler:      Armcc.exe V5.06 update 5 (build 528)
Assembler:       Armasm.exe V5.06 update 5 (build 528)
Linker/Locator:  ArmLink.exe V5.06 update 5 (build 528)
Library Manager: ArmAr.exe V5.06 update 5 (build 528)
Hex Converter:   FromElf.exe V5.06 update 5 (build 528)
CPU DLL:         SARM.DLL V5.24.1
Dialog DLL:      DARMP.DLL V1.53.0.0
Target DLL:      UL2ARM.DLL V1.74.10.0
Dialog DLL:      TARMP.DLL V1.53.0.0
 
<h2>Project:</h2>
C:\Users\Max-Hsu\Desktop\Homework\G2-1\Embedded\0111\Measure\Measure.uvproj
Project File Date:  01/11/2020

<h2>Output:</h2>
*** Using Compiler 'V5.06 update 5 (build 528)', folder: 'C:\Keil_v5\ARM\ARMCC\Bin'
Build target 'LPC2129 Simulator'
Clean started - Project: 'Measure'
   deleting intermediate output files for target 'LPC2129 Simulator'
assembling Startup.s...
compiling Retarget.c...
compiling Serial.c...
compiling Measure.c...
Measure.c(199): warning:  #61-D: integer operation result is out of range
        i = 3<<30;
Measure.c(199): warning:  #68-D: integer conversion resulted in a change of sign
        i = 3<<30;
Measure.c(210): warning:  #61-D: integer operation result is out of range
        i = 3<<30;
Measure.c(210): warning:  #68-D: integer conversion resulted in a change of sign
        i = 3<<30;
Measure.c(211): warning:  #61-D: integer operation result is out of range
        j = 2<<30;
Measure.c(211): warning:  #68-D: integer conversion resulted in a change of sign
        j = 2<<30;
Measure.c(220): warning:  #61-D: integer operation result is out of range
        i = 3<<30;
Measure.c(220): warning:  #68-D: integer conversion resulted in a change of sign
        i = 3<<30;
Measure.c(228): warning:  #61-D: integer operation result is out of range
        i = 3<<30;
Measure.c(228): warning:  #68-D: integer conversion resulted in a change of sign
        i = 3<<30;
Measure.c(237): warning:  #61-D: integer operation result is out of range
        i = 3<<30;
Measure.c(237): warning:  #68-D: integer conversion resulted in a change of sign
        i = 3<<30;
Measure.c(246): warning:  #61-D: integer operation result is out of range
        i = 3<<30;
Measure.c(246): warning:  #68-D: integer conversion resulted in a change of sign
        i = 3<<30;
Measure.c(997): warning:  #61-D: integer operation result is out of range
                                
OCLR1 = (3<<30);
Measure.c(997): warning:  #68-D: integer conversion resulted in a change of sign
                                
OCLR1 = (3<<30);
Measure.c(1011): warning:  #61-D: integer operation result is out of range
                                
OCLR1 = (3<<30);
Measure.c(1011): warning:  #68-D: integer conversion resulted in a change of sign
                                
OCLR1 = (3<<30);
Measure.c: 18 warnings, 0 errors
linking...
Program Size: Code=7600 RO-data=72 RW-data=52 ZI-data=1564  
".\Obj\Measure.axf" - 0 Error(s), 18 Warning(s).

*** Performing Cross-Module-Optimization:
compiling Retarget.c...
compiling Serial.c...
compiling Measure.c...
Measure.c(199): warning:  #61-D: integer operation result is out of range
        i = 3<<30;
Measure.c(199): warning:  #68-D: integer conversion resulted in a change of sign
        i = 3<<30;
Measure.c(210): warning:  #61-D: integer operation result is out of range
        i = 3<<30;
Measure.c(210): warning:  #68-D: integer conversion resulted in a change of sign
        i = 3<<30;
Measure.c(211): warning:  #61-D: integer operation result is out of range
        j = 2<<30;
Measure.c(211): warning:  #68-D: integer conversion resulted in a change of sign
        j = 2<<30;
Measure.c(220): warning:  #61-D: integer operation result is out of range
        i = 3<<30;
Measure.c(220): warning:  #68-D: integer conversion resulted in a change of sign
        i = 3<<30;
Measure.c(228): warning:  #61-D: integer operation result is out of range
        i = 3<<30;
Measure.c(228): warning:  #68-D: integer conversion resulted in a change of sign
        i = 3<<30;
Measure.c(237): warning:  #61-D: integer operation result is out of range
        i = 3<<30;
Measure.c(237): warning:  #68-D: integer conversion resulted in a change of sign
        i = 3<<30;
Measure.c(246): warning:  #61-D: integer operation result is out of range
        i = 3<<30;
Measure.c(246): warning:  #68-D: integer conversion resulted in a change of sign
        i = 3<<30;
Measure.c(997): warning:  #61-D: integer operation result is out of range
                                
OCLR1 = (3<<30);
Measure.c(997): warning:  #68-D: integer conversion resulted in a change of sign
                                
OCLR1 = (3<<30);
Measure.c(1011): warning:  #61-D: integer operation result is out of range
                                
OCLR1 = (3<<30);
Measure.c(1011): warning:  #68-D: integer conversion resulted in a change of sign
                                
OCLR1 = (3<<30);
Measure.c: 18 warnings, 0 errors
linking...
Program Size: Code=7512 RO-data=72 RW-data=52 ZI-data=1564  
compiling Retarget.c...
compiling Serial.c...
compiling Measure.c...
Measure.c(199): warning:  #61-D: integer operation result is out of range
        i = 3<<30;
Measure.c(199): warning:  #68-D: integer conversion resulted in a change of sign
        i = 3<<30;
Measure.c(210): warning:  #61-D: integer operation result is out of range
        i = 3<<30;
Measure.c(210): warning:  #68-D: integer conversion resulted in a change of sign
        i = 3<<30;
Measure.c(211): warning:  #61-D: integer operation result is out of range
        j = 2<<30;
Measure.c(211): warning:  #68-D: integer conversion resulted in a change of sign
        j = 2<<30;
Measure.c(220): warning:  #61-D: integer operation result is out of range
        i = 3<<30;
Measure.c(220): warning:  #68-D: integer conversion resulted in a change of sign
        i = 3<<30;
Measure.c(228): warning:  #61-D: integer operation result is out of range
        i = 3<<30;
Measure.c(228): warning:  #68-D: integer conversion resulted in a change of sign
        i = 3<<30;
Measure.c(237): warning:  #61-D: integer operation result is out of range
        i = 3<<30;
Measure.c(237): warning:  #68-D: integer conversion resulted in a change of sign
        i = 3<<30;
Measure.c(246): warning:  #61-D: integer operation result is out of range
        i = 3<<30;
Measure.c(246): warning:  #68-D: integer conversion resulted in a change of sign
        i = 3<<30;
Measure.c(997): warning:  #61-D: integer operation result is out of range
                                
OCLR1 = (3<<30);
Measure.c(997): warning:  #68-D: integer conversion resulted in a change of sign
                                
OCLR1 = (3<<30);
Measure.c(1011): warning:  #61-D: integer operation result is out of range
                                
OCLR1 = (3<<30);
Measure.c(1011): warning:  #68-D: integer conversion resulted in a change of sign
                                
OCLR1 = (3<<30);
Measure.c: 18 warnings, 0 errors
linking...
Program Size: Code=7512 RO-data=72 RW-data=52 ZI-data=1564  
".\Obj\Measure.axf" - 0 Error(s), 18 Warning(s).
*** Completed Cross-Module-Optimization after 3 iteration(s).
Build Time Elapsed:  00:00:04
</pre>
</body>
</html>
